// Jest Snapshot v1, https://goo.gl/fbAQLP

exports[`should render Header correctly 1`] = `
<header
  className="header"
>
  <div
    className="show-for-desktop content-container content-container--header"
  >
    <div
      className="header__content"
    >
      <div
        className="header__left-nav"
      >
        <Link
          className="header__title"
          replace={false}
          to="/dashboard"
        >
          <h1>
            Thought Collector
          </h1>
        </Link>
        <Link
          className="header__link"
          replace={false}
          to="/public"
        >
          Browse
        </Link>
      </div>
      <div
        className="header__right-nav"
      >
        <button
          className="button login"
        >
          Login
        </button>
      </div>
    </div>
  </div>
  <div
    className="show-for-mobile"
  >
    <div
      className="header_content--top"
    >
      <Link
        className="header__title"
        replace={false}
        to="/dashboard"
      >
        <h1>
          Thought Collector
        </h1>
      </Link>
    </div>
    <div
      className="header_content--bottom"
    >
      <div
        className="content-container--bottom-nav"
      >
        <Link
          className="header__link"
          replace={false}
          to="/public"
        >
          Browse
        </Link>
        <button
          className="button button--link login"
        >
          Login
        </button>
      </div>
    </div>
  </div>
</header>
`;
